// Jest Snapshot v1, https://goo.gl/fbAQLP

exports[`Aligned Text Center Aligned 1`] = `"<p align="Center">Hello</p>"`;

exports[`Aligned Text Ignored inside a code block 1`] = `
"<pre><code>
:- Hello
</code></pre>
"
`;

exports[`Aligned Text Left Aligned 1`] = `"<p align="Left">Hello</p>"`;

exports[`Aligned Text Right Aligned 1`] = `"<p align="Right">Hello</p>"`;
